******************************************************************************
            TI ARM Clang Linker PC v3.2.2                      
******************************************************************************
>> Linked Tue Jul 30 14:43:09 2024

OUTPUT FILE NAME:   <empty_LP_MSPM0G3507_nortos_ticlang.out>
ENTRY POINT SYMBOL: "_c_int00_noargs"  address: 000015cd


MEMORY CONFIGURATION

         name            origin    length      used     unused   attr    fill
----------------------  --------  ---------  --------  --------  ----  --------
  FLASH                 00000000   00020000  000017c8  0001e838  R  X
  SRAM                  20200000   00008000  00000527  00007ad9  RW X
  BCR_CONFIG            41c00000   00000080  00000000  00000080  R   
  BSL_CONFIG            41c00100   00000080  00000000  00000080  R   


SEGMENT ALLOCATION MAP

run origin  load origin   length   init length attrs members
----------  ----------- ---------- ----------- ----- -------
00000000    00000000    000017c8   000017c8    r-x
  00000000    00000000    000000c0   000000c0    r-- .intvecs
  000000c0    000000c0    00001650   00001650    r-x .text
  00001710    00001710    00000060   00000060    r-- .rodata
  00001770    00001770    00000058   00000058    r-- .cinit
20200000    20200000    00000329   00000000    rw-
  20200000    20200000    000001a6   00000000    rw- .bss
  202001a8    202001a8    00000181   00000000    rw- .data
20207e00    20207e00    00000200   00000000    rw-
  20207e00    20207e00    00000200   00000000    rw- .stack


SECTION ALLOCATION MAP

 output                                  attributes/
section   page    origin      length       input sections
--------  ----  ----------  ----------   ----------------
.intvecs   0    00000000    000000c0     
                  00000000    000000c0     startup_mspm0g350x_ticlang.o (.intvecs)

.text      0    000000c0    00001650     
                  000000c0    00000694     analysis_data.o (.text.check_data_len_by_id)
                  00000754    00000284     libc.a : _printfi.c.obj (.text:__TI_printfi_minimal)
                  000009d8    00000178     empty.o (.text.main)
                  00000b50    000000e8     driverlib.a : dl_timer.o (.text.DL_Timer_initTimerMode)
                  00000c38    000000e4     libclang_rt.builtins.a : muldf3.S.obj (.text.__muldf3)
                  00000d1c    000000c4     board.o (.text.fputs)
                  00000de0    000000c0     board.o (.text.UART3_IRQHandler)
                  00000ea0    0000009a     libc.a : memcpy16.S.obj (.text:memcpy)
                  00000f3a    00000002     startup_mspm0g350x_ticlang.o (.text.Default_Handler)
                  00000f3c    0000008c     libclang_rt.builtins.a : mulsf3.S.obj (.text.__mulsf3)
                  00000fc8    00000078     libc.a : copy_decompress_lzss.c.obj (.text:decompress:lzss)
                  00001040    00000070     ti_msp_dl_config.o (.text.SYSCFG_DL_UART_1_init)
                  000010b0    0000006c     ti_msp_dl_config.o (.text.SYSCFG_DL_UART_0_init)
                  0000111c    00000062     libc.a : memset16.S.obj (.text:memset)
                  0000117e    00000002     libclang_rt.builtins.a : aeabi_div0.c.obj (.text.__aeabi_idiv0)
                  00001180    0000005c     board.o (.text.UART0_IRQHandler)
                  000011dc    0000005c     libc.a : printf.c.obj (.text.printf)
                  00001238    00000048     driverlib.a : dl_uart.o (.text.DL_UART_init)
                  00001280    00000048     ti_msp_dl_config.o (.text.SYSCFG_DL_initPower)
                  000012c8    00000040     libclang_rt.builtins.a : aeabi_uidivmod.S.obj (.text.__aeabi_uidivmod)
                  00001308    00000040     board.o (.text.delay_ms)
                  00001348    0000003c     ti_msp_dl_config.o (.text.SYSCFG_DL_SYSCTL_init)
                  00001384    0000003c     libclang_rt.builtins.a : floatsisf.S.obj (.text.__floatsisf)
                  000013c0    0000003c     libc.a : autoinit.c.obj (.text:__TI_auto_init_nobinit_nopinit)
                  000013fc    0000003a     libclang_rt.builtins.a : muldsi3.S.obj (.text.__muldsi3)
                  00001436    00000002     libc.a : _lock.c.obj (.text._nop)
                  00001438    00000038     ti_msp_dl_config.o (.text.SYSCFG_DL_TIMER_0_init)
                  00001470    00000038     ti_msp_dl_config.o (.text.SYSCFG_DL_init)
                  000014a8    00000038     libclang_rt.builtins.a : fixsfsi.S.obj (.text.__fixsfsi)
                  000014e0    00000034     ti_msp_dl_config.o (.text.SYSCFG_DL_GPIO_init)
                  00001514    00000030     led.o (.text.LED_Flash)
                  00001544    0000002e     analysis_data.o (.text.calc_checksum)
                  00001572    00000002     --HOLE-- [fill = 0]
                  00001574    0000002c     libclang_rt.builtins.a : floatsidf.S.obj (.text.__floatsidf)
                  000015a0    0000002c     board.o (.text.fputc)
                  000015cc    00000028     libc.a : boot_cortex_m.c.obj (.text:_c_int00_noargs)
                  000015f4    00000022            : memccpy.c.obj (.text.memccpy)
                  00001616    00000002     --HOLE-- [fill = 0]
                  00001618    00000020     driverlib.a : dl_uart.o (.text.DL_UART_transmitDataBlocking)
                  00001638    0000001c                 : dl_timer.o (.text.DL_Timer_setClockConfig)
                  00001654    0000001c     ti_msp_dl_config.o (.text.SYSCFG_DL_SYSTICK_init)
                  00001670    00000018     empty.o (.text.TIMA0_IRQHandler)
                  00001688    00000016     libc.a : copy_zero_init.c.obj (.text:decompress:ZI:__TI_zero_init_nomemset)
                  0000169e    00000012     driverlib.a : dl_uart.o (.text.DL_UART_setClockConfig)
                  000016b0    00000012     libc.a : copy_decompress_none.c.obj (.text:decompress:none)
                  000016c2    00000002     --HOLE-- [fill = 0]
                  000016c4    0000000e     libclang_rt.builtins.a : aeabi_memset.S.obj (.text.__aeabi_memset)
                  000016d2    0000000e     libc.a : _printfi.c.obj (.text.strlen)
                  000016e0    0000000a     driverlib.a : dl_common.o (.text.DL_Common_delayCycles)
                  000016ea    00000002     --HOLE-- [fill = 0]
                  000016ec    00000008     libclang_rt.builtins.a : aeabi_memcpy.S.obj (.text.__aeabi_memcpy)
                  000016f4    00000008     libc.a : printf.c.obj (.text._outc)
                  000016fc    00000008            : printf.c.obj (.text._outs)
                  00001704    00000004     startup_mspm0g350x_ticlang.o (.text.Reset_Handler)
                  00001708    00000004     libc.a : pre_init.c.obj (.text._system_pre_init)
                  0000170c    00000004            : exit.c.obj (.text:abort)

.cinit     0    00001770    00000058     
                  00001770    0000002d     (.cinit..data.load) [load image, compression = lzss]
                  0000179d    00000003     --HOLE-- [fill = 0]
                  000017a0    0000000c     (__TI_handler_table)
                  000017ac    00000008     (.cinit..bss.load) [load image, compression = zero_init]
                  000017b4    00000010     (__TI_cinit_table)
                  000017c4    00000004     --HOLE-- [fill = 0]

.rodata    0    00001710    00000060     
                  00001710    0000001a     empty.o (.rodata.str1.162906114796922795351)
                  0000172a    00000002     ti_msp_dl_config.o (.rodata.gUART_0ClockConfig)
                  0000172c    00000014     ti_msp_dl_config.o (.rodata.gTIMER_0TimerConfig)
                  00001740    00000011     libc.a : _printfi.c.obj (.rodata.str1.44690500295887128011)
                  00001751    00000001     --HOLE-- [fill = 0]
                  00001752    0000000a     ti_msp_dl_config.o (.rodata.gUART_0Config)
                  0000175c    0000000a     ti_msp_dl_config.o (.rodata.gUART_1Config)
                  00001766    00000003     ti_msp_dl_config.o (.rodata.gTIMER_0ClockConfig)
                  00001769    00000002     ti_msp_dl_config.o (.rodata.gUART_1ClockConfig)
                  0000176b    00000005     --HOLE-- [fill = 0]

.init_array 
*          0    00000000    00000000     UNINITIALIZED

.binit     0    00000000    00000000     

.bss       0    20200000    000001a6     UNINITIALIZED
                  20200000    000000bc     (.common:gTIMER_0Backup)
                  202000bc    00000074     (.common:g_output_info)
                  20200130    00000043     (.common:g_uart_rx_buf)
                  20200173    00000001     --HOLE--
                  20200174    00000030     (.common:gUART_1Backup)
                  202001a4    00000002     led.o (.bss.LED_Flash.temp)

.data      0    202001a8    00000181     UNINITIALIZED
                  202001a8    000000f0     libc.a : defs.c.obj (.data._ftable)
                  20200298    00000080     board.o (.data.recv0_buff)
                  20200318    00000004     libc.a : _lock.c.obj (.data._lock)
                  2020031c    00000004            : _lock.c.obj (.data._unlock)
                  20200320    00000004     empty.o (.data.payload)
                  20200324    00000002     board.o (.data.recv0_length)
                  20200326    00000001     board.o (.data.UART3_IRQHandler.Count)
                  20200327    00000001     board.o (.data.UART3_IRQHandler.last_rsnum)
                  20200328    00000001     board.o (.data.recv0_flag)

.stack     0    20207e00    00000200     UNINITIALIZED
                  20207e00    00000004     libc.a : boot_cortex_m.c.obj (.stack)
                  20207e04    000001fc     --HOLE--

__llvm_prf_cnts 
*          0    20200000    00000000     UNINITIALIZED

__llvm_prf_bits 
*          0    20200000    00000000     UNINITIALIZED

MODULE SUMMARY

       Module                         code   ro data   rw data
       ------                         ----   -------   -------
    .\
       ti_msp_dl_config.o             544    47        236    
       empty.o                        400    26        71     
       startup_mspm0g350x_ticlang.o   6      192       0      
    +--+------------------------------+------+---------+---------+
       Total:                         950    265       307    
                                                              
    .\Hardware\
       analysis_data.o                1730   0         116    
       board.o                        588    0         133    
       led.o                          48     0         2      
    +--+------------------------------+------+---------+---------+
       Total:                         2366   0         251    
                                                              
    C:/ti/mspm0_sdk_2_01_00_03/source/ti/driverlib/lib/ticlang/m0p/mspm0g1x0x_g3x0x/driverlib.a
       dl_timer.o                     260    0         0      
       dl_uart.o                      122    0         0      
       dl_common.o                    10     0         0      
    +--+------------------------------+------+---------+---------+
       Total:                         392    0         0      
                                                              
    C:\ti\ccs1271\ccs\tools\compiler\ti-cgt-armllvm_3.2.2.LTS\lib\armv6m-ti-none-eabi/c/libc.a
       _printfi.c.obj                 658    17        0      
       defs.c.obj                     0      0         240    
       memcpy16.S.obj                 154    0         0      
       copy_decompress_lzss.c.obj     120    0         0      
       printf.c.obj                   108    0         0      
       memset16.S.obj                 98     0         0      
       autoinit.c.obj                 60     0         0      
       boot_cortex_m.c.obj            40     0         0      
       memccpy.c.obj                  34     0         0      
       copy_zero_init.c.obj           22     0         0      
       copy_decompress_none.c.obj     18     0         0      
       _lock.c.obj                    2      0         8      
       exit.c.obj                     4      0         0      
       pre_init.c.obj                 4      0         0      
    +--+------------------------------+------+---------+---------+
       Total:                         1322   17        248    
                                                              
    C:\ti\ccs1271\ccs\tools\compiler\ti-cgt-armllvm_3.2.2.LTS\lib\clang/15.0.7/lib/armv6m-ti-none-eabi/libclang_rt.builtins.a
       muldf3.S.obj                   228    0         0      
       mulsf3.S.obj                   140    0         0      
       aeabi_uidivmod.S.obj           64     0         0      
       floatsisf.S.obj                60     0         0      
       muldsi3.S.obj                  58     0         0      
       fixsfsi.S.obj                  56     0         0      
       floatsidf.S.obj                44     0         0      
       aeabi_memset.S.obj             14     0         0      
       aeabi_memcpy.S.obj             8      0         0      
       aeabi_div0.c.obj               2      0         0      
    +--+------------------------------+------+---------+---------+
       Total:                         674    0         0      
                                                              
       Stack:                         0      0         512    
       Linker Generated:              0      81        0      
    +--+------------------------------+------+---------+---------+
       Grand Total:                   5704   363       1318   


LINKER GENERATED COPY TABLES

__TI_cinit_table @ 000017b4 records: 2, size/record: 8, table size: 16
	.data: load addr=00001770, load size=0000002d bytes, run addr=202001a8, run size=00000181 bytes, compression=lzss
	.bss: load addr=000017ac, load size=00000008 bytes, run addr=20200000, run size=000001a6 bytes, compression=zero_init


LINKER GENERATED HANDLER TABLE

__TI_handler_table @ 000017a0 records: 3, size/record: 4, table size: 12
	index: 0, handler: __TI_decompress_lzss
	index: 1, handler: __TI_decompress_none
	index: 2, handler: __TI_zero_init


GLOBAL SYMBOLS: SORTED ALPHABETICALLY BY Name 

address   name                          
-------   ----                          
00000f3b  ADC0_IRQHandler               
00000f3b  ADC1_IRQHandler               
00000f3b  AES_IRQHandler                
0000170c  C$$EXIT                       
00000f3b  CANFD0_IRQHandler             
00000f3b  DAC0_IRQHandler               
000016e1  DL_Common_delayCycles         
00000b51  DL_Timer_initTimerMode        
00001639  DL_Timer_setClockConfig       
00001239  DL_UART_init                  
0000169f  DL_UART_setClockConfig        
00001619  DL_UART_transmitDataBlocking  
00000f3b  DMA_IRQHandler                
00000f3b  Default_Handler               
00000f3b  GROUP0_IRQHandler             
00000f3b  GROUP1_IRQHandler             
00000f3b  HardFault_Handler             
00000f3b  I2C0_IRQHandler               
00000f3b  I2C1_IRQHandler               
00001515  LED_Flash                     
00000f3b  NMI_Handler                   
00000f3b  PendSV_Handler                
00000f3b  RTC_IRQHandler                
00001705  Reset_Handler                 
00000f3b  SPI0_IRQHandler               
00000f3b  SPI1_IRQHandler               
00000f3b  SVC_Handler                   
000014e1  SYSCFG_DL_GPIO_init           
00001349  SYSCFG_DL_SYSCTL_init         
00001655  SYSCFG_DL_SYSTICK_init        
00001439  SYSCFG_DL_TIMER_0_init        
000010b1  SYSCFG_DL_UART_0_init         
00001041  SYSCFG_DL_UART_1_init         
00001471  SYSCFG_DL_init                
00001281  SYSCFG_DL_initPower           
00000f3b  SysTick_Handler               
00001671  TIMA0_IRQHandler              
00000f3b  TIMA1_IRQHandler              
00000f3b  TIMG0_IRQHandler              
00000f3b  TIMG12_IRQHandler             
00000f3b  TIMG6_IRQHandler              
00000f3b  TIMG7_IRQHandler              
00000f3b  TIMG8_IRQHandler              
00001181  UART0_IRQHandler              
00000f3b  UART1_IRQHandler              
00000f3b  UART2_IRQHandler              
00000de1  UART3_IRQHandler              
20208000  __STACK_END                   
00000200  __STACK_SIZE                  
00000000  __TI_ATRegion0_region_sz      
00000000  __TI_ATRegion0_src_addr       
00000000  __TI_ATRegion0_trg_addr       
00000000  __TI_ATRegion1_region_sz      
00000000  __TI_ATRegion1_src_addr       
00000000  __TI_ATRegion1_trg_addr       
00000000  __TI_ATRegion2_region_sz      
00000000  __TI_ATRegion2_src_addr       
00000000  __TI_ATRegion2_trg_addr       
000017b4  __TI_CINIT_Base               
000017c4  __TI_CINIT_Limit              
000017c4  __TI_CINIT_Warm               
000017a0  __TI_Handler_Table_Base       
000017ac  __TI_Handler_Table_Limit      
000013c1  __TI_auto_init_nobinit_nopinit
00000fc9  __TI_decompress_lzss          
000016b1  __TI_decompress_none          
ffffffff  __TI_pprof_out_hndl           
00000755  __TI_printfi_minimal          
ffffffff  __TI_prof_data_size           
ffffffff  __TI_prof_data_start          
00000000  __TI_static_base__            
00001689  __TI_zero_init_nomemset       
00000c39  __aeabi_dmul                  
000014a9  __aeabi_f2iz                  
00000f3d  __aeabi_fmul                  
00001575  __aeabi_i2d                   
00001385  __aeabi_i2f                   
0000117f  __aeabi_idiv0                 
000016ed  __aeabi_memcpy                
000016ed  __aeabi_memcpy4               
000016ed  __aeabi_memcpy8               
000016c5  __aeabi_memset                
000016c5  __aeabi_memset4               
000016c5  __aeabi_memset8               
000012c9  __aeabi_uidiv                 
000012c9  __aeabi_uidivmod              
ffffffff  __binit__                     
000014a9  __fixsfsi                     
00001575  __floatsidf                   
00001385  __floatsisf                   
UNDEFED   __mpu_init                    
00000c39  __muldf3                      
000013fd  __muldsi3                     
00000f3d  __mulsf3                      
20207e00  __stack                       
20200000  __start___llvm_prf_bits       
20200000  __start___llvm_prf_cnts       
20200000  __stop___llvm_prf_bits        
20200000  __stop___llvm_prf_cnts        
000015cd  _c_int00_noargs               
202001a8  _ftable                       
20200318  _lock                         
00001437  _nop                          
UNDEFED   _system_post_cinit            
00001709  _system_pre_init              
2020031c  _unlock                       
0000170d  abort                         
ffffffff  binit                         
00001545  calc_checksum                 
000000c1  check_data_len_by_id          
00001309  delay_ms                      
000015a1  fputc                         
00000d1d  fputs                         
20200000  gTIMER_0Backup                
20200174  gUART_1Backup                 
202000bc  g_output_info                 
20200130  g_uart_rx_buf                 
00000000  interruptVectors              
000009d9  main                          
000015f5  memccpy                       
00000ea1  memcpy                        
0000111d  memset                        
20200320  payload                       
000011dd  printf                        
20200298  recv0_buff                    
20200328  recv0_flag                    
20200324  recv0_length                  


GLOBAL SYMBOLS: SORTED BY Symbol Address 

address   name                          
-------   ----                          
00000000  __TI_ATRegion0_region_sz      
00000000  __TI_ATRegion0_src_addr       
00000000  __TI_ATRegion0_trg_addr       
00000000  __TI_ATRegion1_region_sz      
00000000  __TI_ATRegion1_src_addr       
00000000  __TI_ATRegion1_trg_addr       
00000000  __TI_ATRegion2_region_sz      
00000000  __TI_ATRegion2_src_addr       
00000000  __TI_ATRegion2_trg_addr       
00000000  __TI_static_base__            
00000000  interruptVectors              
000000c1  check_data_len_by_id          
00000200  __STACK_SIZE                  
00000755  __TI_printfi_minimal          
000009d9  main                          
00000b51  DL_Timer_initTimerMode        
00000c39  __aeabi_dmul                  
00000c39  __muldf3                      
00000d1d  fputs                         
00000de1  UART3_IRQHandler              
00000ea1  memcpy                        
00000f3b  ADC0_IRQHandler               
00000f3b  ADC1_IRQHandler               
00000f3b  AES_IRQHandler                
00000f3b  CANFD0_IRQHandler             
00000f3b  DAC0_IRQHandler               
00000f3b  DMA_IRQHandler                
00000f3b  Default_Handler               
00000f3b  GROUP0_IRQHandler             
00000f3b  GROUP1_IRQHandler             
00000f3b  HardFault_Handler             
00000f3b  I2C0_IRQHandler               
00000f3b  I2C1_IRQHandler               
00000f3b  NMI_Handler                   
00000f3b  PendSV_Handler                
00000f3b  RTC_IRQHandler                
00000f3b  SPI0_IRQHandler               
00000f3b  SPI1_IRQHandler               
00000f3b  SVC_Handler                   
00000f3b  SysTick_Handler               
00000f3b  TIMA1_IRQHandler              
00000f3b  TIMG0_IRQHandler              
00000f3b  TIMG12_IRQHandler             
00000f3b  TIMG6_IRQHandler              
00000f3b  TIMG7_IRQHandler              
00000f3b  TIMG8_IRQHandler              
00000f3b  UART1_IRQHandler              
00000f3b  UART2_IRQHandler              
00000f3d  __aeabi_fmul                  
00000f3d  __mulsf3                      
00000fc9  __TI_decompress_lzss          
00001041  SYSCFG_DL_UART_1_init         
000010b1  SYSCFG_DL_UART_0_init         
0000111d  memset                        
0000117f  __aeabi_idiv0                 
00001181  UART0_IRQHandler              
000011dd  printf                        
00001239  DL_UART_init                  
00001281  SYSCFG_DL_initPower           
000012c9  __aeabi_uidiv                 
000012c9  __aeabi_uidivmod              
00001309  delay_ms                      
00001349  SYSCFG_DL_SYSCTL_init         
00001385  __aeabi_i2f                   
00001385  __floatsisf                   
000013c1  __TI_auto_init_nobinit_nopinit
000013fd  __muldsi3                     
00001437  _nop                          
00001439  SYSCFG_DL_TIMER_0_init        
00001471  SYSCFG_DL_init                
000014a9  __aeabi_f2iz                  
000014a9  __fixsfsi                     
000014e1  SYSCFG_DL_GPIO_init           
00001515  LED_Flash                     
00001545  calc_checksum                 
00001575  __aeabi_i2d                   
00001575  __floatsidf                   
000015a1  fputc                         
000015cd  _c_int00_noargs               
000015f5  memccpy                       
00001619  DL_UART_transmitDataBlocking  
00001639  DL_Timer_setClockConfig       
00001655  SYSCFG_DL_SYSTICK_init        
00001671  TIMA0_IRQHandler              
00001689  __TI_zero_init_nomemset       
0000169f  DL_UART_setClockConfig        
000016b1  __TI_decompress_none          
000016c5  __aeabi_memset                
000016c5  __aeabi_memset4               
000016c5  __aeabi_memset8               
000016e1  DL_Common_delayCycles         
000016ed  __aeabi_memcpy                
000016ed  __aeabi_memcpy4               
000016ed  __aeabi_memcpy8               
00001705  Reset_Handler                 
00001709  _system_pre_init              
0000170c  C$$EXIT                       
0000170d  abort                         
000017a0  __TI_Handler_Table_Base       
000017ac  __TI_Handler_Table_Limit      
000017b4  __TI_CINIT_Base               
000017c4  __TI_CINIT_Limit              
000017c4  __TI_CINIT_Warm               
20200000  __start___llvm_prf_bits       
20200000  __start___llvm_prf_cnts       
20200000  __stop___llvm_prf_bits        
20200000  __stop___llvm_prf_cnts        
20200000  gTIMER_0Backup                
202000bc  g_output_info                 
20200130  g_uart_rx_buf                 
20200174  gUART_1Backup                 
202001a8  _ftable                       
20200298  recv0_buff                    
20200318  _lock                         
2020031c  _unlock                       
20200320  payload                       
20200324  recv0_length                  
20200328  recv0_flag                    
20207e00  __stack                       
20208000  __STACK_END                   
ffffffff  __TI_pprof_out_hndl           
ffffffff  __TI_prof_data_size           
ffffffff  __TI_prof_data_start          
ffffffff  __binit__                     
ffffffff  binit                         
UNDEFED   __mpu_init                    
UNDEFED   _system_post_cinit            

[127 symbols]
